{
    "Resp": {
        "supervisor_image": "eu.gcr.io/gitpod-core-dev/build/supervisor:commit-ff38b98b7dde4929159bcaeec68d178898dc2139"
    },
    "Err": ""
}
